16:28:46 **** Incremental Build of configuration Debug for project Lab3_button ****
make -j16 all 
arm-none-eabi-gcc "../Core/Src/main.c" -mcpu=cortex-m3 -std=gnu11 -g3 -DDEBUG -DUSE_HAL_DRIVER -DSTM32F103x6 -c -I../Core/Inc -I../Drivers/STM32F1xx_HAL_Driver/Inc -I../Drivers/STM32F1xx_HAL_Driver/Inc/Legacy -I../Drivers/CMSIS/Device/ST/STM32F1xx/Include -I../Drivers/CMSIS/Include -O0 -ffunction-sections -fdata-sections -Wall -fstack-usage -MMD -MP -MF"Core/Src/main.d" -MT"Core/Src/main.o" --specs=nano.specs -mfloat-abi=soft -mthumb -o "Core/Src/main.o"
arm-none-eabi-gcc "../Core/Src/timer.c" -mcpu=cortex-m3 -std=gnu11 -g3 -DDEBUG -DUSE_HAL_DRIVER -DSTM32F103x6 -c -I../Core/Inc -I../Drivers/STM32F1xx_HAL_Driver/Inc -I../Drivers/STM32F1xx_HAL_Driver/Inc/Legacy -I../Drivers/CMSIS/Device/ST/STM32F1xx/Include -I../Drivers/CMSIS/Include -O0 -ffunction-sections -fdata-sections -Wall -fstack-usage -MMD -MP -MF"Core/Src/timer.d" -MT"Core/Src/timer.o" --specs=nano.specs -mfloat-abi=soft -mthumb -o "Core/Src/timer.o"
arm-none-eabi-gcc -o "Lab3_button.elf" @"objects.list"   -mcpu=cortex-m3 -T"D:\University\3rd_year\HK241\Microprocessors_Microcontrollers\GIT_LAB3\LAB3\STM32F103C6UX_FLASH.ld" --specs=nosys.specs -Wl,-Map="Lab3_button.map" -Wl,--gc-sections -static --specs=nano.specs -mfloat-abi=soft -mthumb -Wl,--start-group -lc -lm -Wl,--end-group
Finished building target: Lab3_button.elf
 
arm-none-eabi-size   Lab3_button.elf 
arm-none-eabi-objdump -h -S  Lab3_button.elf  > "Lab3_button.list"
arm-none-eabi-objcopy  -O ihex  Lab3_button.elf  "Lab3_button.hex"
arm-none-eabi-objcopy  -O binary  Lab3_button.elf  "Lab3_button.bin"
   text	   data	    bss	    dec	    hex	filename
  12576	     44	   1748	  14368	   3820	Lab3_button.elf
Finished building: default.size.stdout
 
Finished building: Lab3_button.hex
Finished building: Lab3_button.list
Finished building: Lab3_button.bin
 
 
 

16:28:46 Build Finished. 0 errors, 0 warnings. (took 854ms)

